// Jest Snapshot v1, https://goo.gl/fbAQLP

exports[`renders chooseClubEventPage correctly 1`] = `<chooseClubEventPage />`;
