// Jest Snapshot v1, https://goo.gl/fbAQLP

exports[`renders clubHomePage correctly 1`] = `<clubHomePage />`;
