// Jest Snapshot v1, https://goo.gl/fbAQLP

exports[`renders createAnnouncementPage correctly 1`] = `<createAnnouncementPage />`;
