// Jest Snapshot v1, https://goo.gl/fbAQLP

exports[`renders myClubPage correctly 1`] = `<myClubPage />`;
