// Jest Snapshot v1, https://goo.gl/fbAQLP

exports[`renders profilePage correctly 1`] = `<profilePage />`;
